2026-05-09 14:58:10.558 [main] INFO  com.rs.mv.mvvs.Startup - [LSP:100101]ROCKET MV BASIC EXTENSION to start
2026-05-09 14:58:10.598 [main] INFO  com.rs.mv.mvvs.lsp.server.BasicLanguageServerLauncher - [LSP:100102]start pip server
2026-05-09 14:58:10.720 [main] INFO  com.rs.mv.mvvs.lsp.server.BasicLanguageServerLauncher - [LSP:100103]ROCKET MV BASIC EXTENSION start successful
2026-05-09 14:58:19.642 [pool-3-thread-1] INFO  com.rs.mv.mvvs.instance.workspace.WorkspaceManager - [workspace:200101]load all workspace folders start
2026-05-09 14:58:19.643 [pool-3-thread-1] INFO  com.rs.mv.mvvs.instance.workspace.WorkspaceManager - [workspace:20010201]root uri: file:///v%3A/Documents/VS%20Code/Sheryians%20Coding%20School/Prerequisite%20Classes
2026-05-09 14:58:19.644 [pool-3-thread-1] INFO  com.rs.mv.mvvs.instance.workspace.handler.FolderHandler - [workspace:200103]workspace contains workspace folder: file:///v%3A/Documents/VS%20Code/Sheryians%20Coding%20School/Prerequisite%20Classes
2026-05-09 14:58:19.667 [pool-3-thread-1] INFO  com.rs.mv.mvvs.instance.workspace.handler.FolderHandler - [workspace:200104]workspace folder will be cached: file:///v%3A/Documents/VS%20Code/Sheryians%20Coding%20School/Prerequisite%20Classes
2026-05-09 14:58:19.672 [pool-3-thread-1] INFO  com.rs.mv.mvvs.rmv.config.Config - [framework:30010101]config load start
2026-05-09 14:58:19.672 [pool-3-thread-1] INFO  com.rs.mv.mvvs.rmv.config.Config - [framework:30010102]project config path is : V:/Documents/VS Code/Sheryians Coding School/Prerequisite Classes/.rmv/config
2026-05-09 14:58:19.673 [pool-3-thread-1] INFO  com.rs.mv.mvvs.rmv.config.Config - [framework:30010103]resource config path is : /
2026-05-09 14:58:19.673 [pool-3-thread-1] INFO  com.rs.mv.mvvs.rmv.config.Config - [framework:30010104]user config path is : C:/Users/vaibh
2026-05-09 14:58:19.705 [pool-3-thread-1] INFO  com.rs.mv.mvvs.rmv.config.Config - [framework:30010105]config load end
2026-05-09 14:58:19.708 [pool-3-thread-1] INFO  com.rs.mv.mvvs.rmv.documentation.BasicDocumentation - [framework:30020101]documentation load start
2026-05-09 14:58:19.709 [pool-3-thread-1] INFO  com.rs.mv.mvvs.rmv.documentation.reader.SystemDocReader - [framework:30020102]system documentation path: /documentation/UNIVERSE/
2026-05-09 14:58:19.712 [pool-3-thread-1] INFO  com.rs.mv.mvvs.rmv.documentation.reader.ProjectDocReader - [framework:30020103]project documentation brief file: V:\Documents\VS Code\Sheryians Coding School\Prerequisite Classes\.rmv\documentation\UNIVERSE\custom.json
2026-05-09 14:58:19.713 [pool-3-thread-1] INFO  com.rs.mv.mvvs.rmv.documentation.reader.UserDocReader - [framework:30020104]user documentation brief file: C:\Users\vaibh\documentation\UNIVERSE\custom.json
2026-05-09 14:58:19.785 [pool-3-thread-1] INFO  com.rs.mv.mvvs.rmv.documentation.BasicDocumentation - [framework:30020105]documentation load end
2026-05-09 14:58:19.793 [pool-3-thread-1] INFO  com.rs.mv.mvvs.common.convertor.ConvertorManager - [framework:30030101]convertors for folder(V:/Documents/VS Code/Sheryians Coding School/Prerequisite Classes) load start
2026-05-09 14:58:19.800 [pool-3-thread-1] INFO  com.rs.mv.mvvs.common.convertor.ConvertorManager - [framework:30030102]comment convertor load finish
2026-05-09 14:58:20.040 [pool-3-thread-1] INFO  com.rs.mv.mvvs.common.convertor.ConvertorManager - [framework:30030103]keyword convertor load finish
2026-05-09 14:58:20.044 [pool-3-thread-1] INFO  com.rs.mv.mvvs.common.convertor.ConvertorManager - [framework:30030104]operator convertor load finish
2026-05-09 14:58:20.044 [pool-3-thread-1] INFO  com.rs.mv.mvvs.common.convertor.ConvertorManager - [framework:30030105]function name convertor load finish
2026-05-09 14:58:20.045 [pool-3-thread-1] INFO  com.rs.mv.mvvs.common.convertor.ConvertorManager - [framework:30030106]atVariable convertor load finish
2026-05-09 14:58:20.045 [pool-3-thread-1] INFO  com.rs.mv.mvvs.common.convertor.ConvertorManager - [framework:30030107]convertors for folder(V:/Documents/VS Code/Sheryians Coding School/Prerequisite Classes) load end
2026-05-09 14:58:20.047 [pool-3-thread-1] INFO  com.rs.mv.mvvs.rmv.config.CapabilityConfig - [framework:30010301]capabilities file(V:/Documents/VS Code/Sheryians Coding School/Prerequisite Classes/config/capability) doesn't exist or read error, default config will take effect
2026-05-09 14:58:20.047 [pool-3-thread-1] INFO  com.rs.mv.mvvs.instance.workspace.WorkspaceManager - [workspace:200105]load all workspace folders successful
2026-05-09 14:58:20.050 [pool-3-thread-1] INFO  com.rs.mv.mvvs.client.account.AccountManager - [client:40010101]load account manager start
2026-05-09 14:58:20.065 [pool-3-thread-1] INFO  com.rs.mv.mvvs.client.account.handler.CacheAccountHandler - [client:40010102]load cache account: 
2026-05-09 14:58:20.069 [pool-3-thread-1] INFO  com.rs.mv.mvvs.client.account.handler.ExternalAccountHandler - [client:40010103]load external account: 
2026-05-09 14:58:20.098 [pool-3-thread-1] INFO  com.rs.mv.mvvs.client.catalog.manager.U2CatalogManager - [client:400203]cache file auto update thread launch in Prerequisite Classes account
2026-05-09 14:58:20.105 [pool-3-thread-1] INFO  com.rs.mv.mvvs.client.catalog.from.config.DirsConfigReader - [client:400206]parse dir config information
2026-05-09 14:58:20.107 [pool-3-thread-1] INFO  com.rs.mv.mvvs.client.catalog.from.config.MappingConfigReader - [client:400207]parse mapping config information
2026-05-09 14:58:20.110 [pool-3-thread-1] INFO  com.rs.mv.mvvs.client.catalog.manager.U2CatalogManager - [client:400202]start a schedule task to get global/local catalog for Prerequisite Classes, its period 5s 
2026-05-09 14:58:20.111 [pool-3-thread-1] INFO  com.rs.mv.mvvs.client.catalog.manager.U2CatalogManager - [client:400203]cache file auto update thread launch in CSS account
2026-05-09 14:58:20.112 [pool-3-thread-1] INFO  com.rs.mv.mvvs.client.catalog.from.config.DirsConfigReader - [client:400206]parse dir config information
2026-05-09 14:58:20.112 [pool-3-thread-1] INFO  com.rs.mv.mvvs.client.catalog.from.config.MappingConfigReader - [client:400207]parse mapping config information
2026-05-09 14:58:20.113 [pool-3-thread-1] INFO  com.rs.mv.mvvs.client.catalog.manager.U2CatalogManager - [client:400202]start a schedule task to get global/local catalog for CSS, its period 5s 
2026-05-09 14:58:20.113 [pool-3-thread-1] INFO  com.rs.mv.mvvs.client.catalog.manager.U2CatalogManager - [client:400203]cache file auto update thread launch in DSA account
2026-05-09 14:58:20.113 [pool-3-thread-1] INFO  com.rs.mv.mvvs.client.catalog.from.config.DirsConfigReader - [client:400206]parse dir config information
2026-05-09 14:58:20.114 [pool-3-thread-1] INFO  com.rs.mv.mvvs.client.catalog.from.config.MappingConfigReader - [client:400207]parse mapping config information
2026-05-09 14:58:20.114 [pool-3-thread-1] INFO  com.rs.mv.mvvs.client.catalog.manager.U2CatalogManager - [client:400202]start a schedule task to get global/local catalog for DSA, its period 5s 
2026-05-09 14:58:20.114 [pool-3-thread-1] INFO  com.rs.mv.mvvs.client.catalog.manager.U2CatalogManager - [client:400203]cache file auto update thread launch in HTML account
2026-05-09 14:58:20.115 [pool-3-thread-1] INFO  com.rs.mv.mvvs.client.catalog.from.config.DirsConfigReader - [client:400206]parse dir config information
2026-05-09 14:58:20.115 [pool-3-thread-1] INFO  com.rs.mv.mvvs.client.catalog.from.config.MappingConfigReader - [client:400207]parse mapping config information
2026-05-09 14:58:20.115 [pool-3-thread-1] INFO  com.rs.mv.mvvs.client.catalog.manager.U2CatalogManager - [client:400202]start a schedule task to get global/local catalog for HTML, its period 5s 
2026-05-09 14:58:20.116 [pool-3-thread-1] INFO  com.rs.mv.mvvs.client.catalog.manager.U2CatalogManager - [client:400203]cache file auto update thread launch in Project account
2026-05-09 14:58:20.116 [pool-3-thread-1] INFO  com.rs.mv.mvvs.client.catalog.from.config.DirsConfigReader - [client:400206]parse dir config information
2026-05-09 14:58:20.116 [pool-3-thread-1] INFO  com.rs.mv.mvvs.client.catalog.from.config.MappingConfigReader - [client:400207]parse mapping config information
2026-05-09 14:58:20.117 [pool-3-thread-1] INFO  com.rs.mv.mvvs.client.catalog.manager.U2CatalogManager - [client:400202]start a schedule task to get global/local catalog for Project, its period 5s 
2026-05-09 14:58:20.123 [pool-3-thread-1] INFO  com.rs.mv.mvvs.client.account.handler.ServerAccountHandler - [client:40010104]load server account: Account{name=Prerequisite Classes, path=V:/Documents/VS Code/Sheryians Coding School/Prerequisite Classes, type=PREDICT}
Account{name=CSS, path=V:/Documents/VS Code/Sheryians Coding School/Prerequisite Classes/CSS, type=PREDICT}
Account{name=DSA, path=V:/Documents/VS Code/Sheryians Coding School/Prerequisite Classes/DSA, type=PREDICT}
Account{name=HTML, path=V:/Documents/VS Code/Sheryians Coding School/Prerequisite Classes/HTML, type=PREDICT}
Account{name=Project, path=V:/Documents/VS Code/Sheryians Coding School/Prerequisite Classes/Project, type=PREDICT}
2026-05-09 14:58:20.123 [pool-3-thread-1] INFO  com.rs.mv.mvvs.client.account.AccountManager - [client:40010105]load account manager finish
2026-05-09 14:58:20.124 [pool-3-thread-1] INFO  com.rs.mv.mvvs.instance.userspace.UserspaceManager - [framework:30010402]config file(C:\Users\vaibh/.rmv/config) watcher launch successful
2026-05-09 14:58:40.260 [main] WARN  com.rs.mv.mvvs.Startup - [LSP:100104]ROCKET MV BASIC EXTENSION exited
