2026-05-07 12:06:04.780 [main] INFO  com.rs.mv.mvvs.Startup - [LSP:100101]ROCKET MV BASIC EXTENSION to start
2026-05-07 12:06:04.813 [main] INFO  com.rs.mv.mvvs.lsp.server.BasicLanguageServerLauncher - [LSP:100102]start pip server
2026-05-07 12:06:04.926 [main] INFO  com.rs.mv.mvvs.lsp.server.BasicLanguageServerLauncher - [LSP:100103]ROCKET MV BASIC EXTENSION start successful
2026-05-07 12:06:05.012 [pool-3-thread-1] INFO  com.rs.mv.mvvs.instance.workspace.WorkspaceManager - [workspace:200101]load all workspace folders start
2026-05-07 12:06:05.012 [pool-3-thread-1] INFO  com.rs.mv.mvvs.instance.workspace.WorkspaceManager - [workspace:20010201]root uri: file:///v%3A/Documents/VS%20Code/Sheryians%20Coding%20School/Prerequisite%20Classes
2026-05-07 12:06:05.013 [pool-3-thread-1] INFO  com.rs.mv.mvvs.instance.workspace.handler.FolderHandler - [workspace:200103]workspace contains workspace folder: file:///v%3A/Documents/VS%20Code/Sheryians%20Coding%20School/Prerequisite%20Classes
2026-05-07 12:06:05.033 [pool-3-thread-1] INFO  com.rs.mv.mvvs.instance.workspace.handler.FolderHandler - [workspace:200104]workspace folder will be cached: file:///v%3A/Documents/VS%20Code/Sheryians%20Coding%20School/Prerequisite%20Classes
2026-05-07 12:06:05.035 [pool-3-thread-1] INFO  com.rs.mv.mvvs.rmv.config.Config - [framework:30010101]config load start
2026-05-07 12:06:05.036 [pool-3-thread-1] INFO  com.rs.mv.mvvs.rmv.config.Config - [framework:30010102]project config path is : V:/Documents/VS Code/Sheryians Coding School/Prerequisite Classes/.rmv/config
2026-05-07 12:06:05.036 [pool-3-thread-1] INFO  com.rs.mv.mvvs.rmv.config.Config - [framework:30010103]resource config path is : /
2026-05-07 12:06:05.036 [pool-3-thread-1] INFO  com.rs.mv.mvvs.rmv.config.Config - [framework:30010104]user config path is : C:/Users/vaibh
2026-05-07 12:06:05.090 [pool-3-thread-1] INFO  com.rs.mv.mvvs.rmv.config.Config - [framework:30010105]config load end
2026-05-07 12:06:05.093 [pool-3-thread-1] INFO  com.rs.mv.mvvs.rmv.documentation.BasicDocumentation - [framework:30020101]documentation load start
2026-05-07 12:06:05.095 [pool-3-thread-1] INFO  com.rs.mv.mvvs.rmv.documentation.reader.SystemDocReader - [framework:30020102]system documentation path: /documentation/UNIVERSE/
2026-05-07 12:06:05.098 [pool-3-thread-1] INFO  com.rs.mv.mvvs.rmv.documentation.reader.ProjectDocReader - [framework:30020103]project documentation brief file: V:\Documents\VS Code\Sheryians Coding School\Prerequisite Classes\.rmv\documentation\UNIVERSE\custom.json
2026-05-07 12:06:05.100 [pool-3-thread-1] INFO  com.rs.mv.mvvs.rmv.documentation.reader.UserDocReader - [framework:30020104]user documentation brief file: C:\Users\vaibh\documentation\UNIVERSE\custom.json
2026-05-07 12:06:05.187 [pool-3-thread-1] INFO  com.rs.mv.mvvs.rmv.documentation.BasicDocumentation - [framework:30020105]documentation load end
2026-05-07 12:06:05.196 [pool-3-thread-1] INFO  com.rs.mv.mvvs.common.convertor.ConvertorManager - [framework:30030101]convertors for folder(V:/Documents/VS Code/Sheryians Coding School/Prerequisite Classes) load start
2026-05-07 12:06:05.202 [pool-3-thread-1] INFO  com.rs.mv.mvvs.common.convertor.ConvertorManager - [framework:30030102]comment convertor load finish
2026-05-07 12:06:05.403 [pool-3-thread-1] INFO  com.rs.mv.mvvs.common.convertor.ConvertorManager - [framework:30030103]keyword convertor load finish
2026-05-07 12:06:05.408 [pool-3-thread-1] INFO  com.rs.mv.mvvs.common.convertor.ConvertorManager - [framework:30030104]operator convertor load finish
2026-05-07 12:06:05.409 [pool-3-thread-1] INFO  com.rs.mv.mvvs.common.convertor.ConvertorManager - [framework:30030105]function name convertor load finish
2026-05-07 12:06:05.409 [pool-3-thread-1] INFO  com.rs.mv.mvvs.common.convertor.ConvertorManager - [framework:30030106]atVariable convertor load finish
2026-05-07 12:06:05.409 [pool-3-thread-1] INFO  com.rs.mv.mvvs.common.convertor.ConvertorManager - [framework:30030107]convertors for folder(V:/Documents/VS Code/Sheryians Coding School/Prerequisite Classes) load end
2026-05-07 12:06:05.412 [pool-3-thread-1] INFO  com.rs.mv.mvvs.rmv.config.CapabilityConfig - [framework:30010301]capabilities file(V:/Documents/VS Code/Sheryians Coding School/Prerequisite Classes/config/capability) doesn't exist or read error, default config will take effect
2026-05-07 12:06:05.413 [pool-3-thread-1] INFO  com.rs.mv.mvvs.instance.workspace.WorkspaceManager - [workspace:200105]load all workspace folders successful
2026-05-07 12:06:05.415 [pool-3-thread-1] INFO  com.rs.mv.mvvs.client.account.AccountManager - [client:40010101]load account manager start
2026-05-07 12:06:05.430 [pool-3-thread-1] INFO  com.rs.mv.mvvs.client.account.handler.CacheAccountHandler - [client:40010102]load cache account: 
2026-05-07 12:06:05.433 [pool-3-thread-1] INFO  com.rs.mv.mvvs.client.account.handler.ExternalAccountHandler - [client:40010103]load external account: 
2026-05-07 12:06:05.458 [pool-3-thread-1] INFO  com.rs.mv.mvvs.client.catalog.manager.U2CatalogManager - [client:400203]cache file auto update thread launch in Prerequisite Classes account
2026-05-07 12:06:05.465 [pool-3-thread-1] INFO  com.rs.mv.mvvs.client.catalog.from.config.DirsConfigReader - [client:400206]parse dir config information
2026-05-07 12:06:05.468 [pool-3-thread-1] INFO  com.rs.mv.mvvs.client.catalog.from.config.MappingConfigReader - [client:400207]parse mapping config information
2026-05-07 12:06:05.470 [pool-3-thread-1] INFO  com.rs.mv.mvvs.client.catalog.manager.U2CatalogManager - [client:400202]start a schedule task to get global/local catalog for Prerequisite Classes, its period 5s 
2026-05-07 12:06:05.471 [pool-3-thread-1] INFO  com.rs.mv.mvvs.client.catalog.manager.U2CatalogManager - [client:400203]cache file auto update thread launch in CSS account
2026-05-07 12:06:05.471 [pool-3-thread-1] INFO  com.rs.mv.mvvs.client.catalog.from.config.DirsConfigReader - [client:400206]parse dir config information
2026-05-07 12:06:05.472 [pool-3-thread-1] INFO  com.rs.mv.mvvs.client.catalog.from.config.MappingConfigReader - [client:400207]parse mapping config information
2026-05-07 12:06:05.473 [pool-3-thread-1] INFO  com.rs.mv.mvvs.client.catalog.manager.U2CatalogManager - [client:400202]start a schedule task to get global/local catalog for CSS, its period 5s 
2026-05-07 12:06:05.474 [pool-3-thread-1] INFO  com.rs.mv.mvvs.client.catalog.manager.U2CatalogManager - [client:400203]cache file auto update thread launch in DSA account
2026-05-07 12:06:05.475 [pool-3-thread-1] INFO  com.rs.mv.mvvs.client.catalog.from.config.DirsConfigReader - [client:400206]parse dir config information
2026-05-07 12:06:05.475 [pool-3-thread-1] INFO  com.rs.mv.mvvs.client.catalog.from.config.MappingConfigReader - [client:400207]parse mapping config information
2026-05-07 12:06:05.476 [pool-3-thread-1] INFO  com.rs.mv.mvvs.client.catalog.manager.U2CatalogManager - [client:400202]start a schedule task to get global/local catalog for DSA, its period 5s 
2026-05-07 12:06:05.476 [pool-3-thread-1] INFO  com.rs.mv.mvvs.client.catalog.manager.U2CatalogManager - [client:400203]cache file auto update thread launch in HTML account
2026-05-07 12:06:05.477 [pool-3-thread-1] INFO  com.rs.mv.mvvs.client.catalog.from.config.DirsConfigReader - [client:400206]parse dir config information
2026-05-07 12:06:05.477 [pool-3-thread-1] INFO  com.rs.mv.mvvs.client.catalog.from.config.MappingConfigReader - [client:400207]parse mapping config information
2026-05-07 12:06:05.477 [pool-3-thread-1] INFO  com.rs.mv.mvvs.client.catalog.manager.U2CatalogManager - [client:400202]start a schedule task to get global/local catalog for HTML, its period 5s 
2026-05-07 12:06:05.485 [pool-3-thread-1] INFO  com.rs.mv.mvvs.client.account.handler.ServerAccountHandler - [client:40010104]load server account: Account{name=Prerequisite Classes, path=V:/Documents/VS Code/Sheryians Coding School/Prerequisite Classes, type=PREDICT}
Account{name=CSS, path=V:/Documents/VS Code/Sheryians Coding School/Prerequisite Classes/CSS, type=PREDICT}
Account{name=DSA, path=V:/Documents/VS Code/Sheryians Coding School/Prerequisite Classes/DSA, type=PREDICT}
Account{name=HTML, path=V:/Documents/VS Code/Sheryians Coding School/Prerequisite Classes/HTML, type=PREDICT}
2026-05-07 12:06:05.485 [pool-3-thread-1] INFO  com.rs.mv.mvvs.client.account.AccountManager - [client:40010105]load account manager finish
2026-05-07 12:06:05.486 [pool-3-thread-1] INFO  com.rs.mv.mvvs.instance.userspace.UserspaceManager - [framework:30010402]config file(C:\Users\vaibh/.rmv/config) watcher launch successful
2026-05-07 12:06:13.930 [pool-3-thread-1] INFO  com.rs.mv.mvvs.client.catalog.from.scan.CurrentPathScanner - [client:400205]scan file in current open file directory(V:/Documents/VS Code/Sheryians Coding School/Prerequisite Classes/CSS/video 7)
2026-05-07 12:06:45.748 [pool-3-thread-1] INFO  com.rs.mv.mvvs.client.catalog.from.scan.CurrentPathScanner - [client:400205]scan file in current open file directory(V:/Documents/VS Code/Sheryians Coding School/Prerequisite Classes/CSS/video 7)
2026-05-07 12:06:50.202 [pool-3-thread-1] INFO  com.rs.mv.mvvs.client.catalog.from.scan.CurrentPathScanner - [client:400205]scan file in current open file directory(V:/Documents/VS Code/Sheryians Coding School/Prerequisite Classes/CSS/video 7)
2026-05-07 12:07:10.260 [pool-3-thread-1] INFO  com.rs.mv.mvvs.client.catalog.from.scan.CurrentPathScanner - [client:400205]scan file in current open file directory(V:/Documents/VS Code/Sheryians Coding School/Prerequisite Classes/CSS/video 7)
2026-05-07 12:09:03.430 [pool-3-thread-1] INFO  com.rs.mv.mvvs.client.catalog.from.scan.CurrentPathScanner - [client:400205]scan file in current open file directory(V:/Documents/VS Code/Sheryians Coding School/Prerequisite Classes/CSS/video 7)
2026-05-07 12:09:08.954 [pool-3-thread-1] INFO  com.rs.mv.mvvs.client.catalog.from.scan.CurrentPathScanner - [client:400205]scan file in current open file directory(V:/Documents/VS Code/Sheryians Coding School/Prerequisite Classes/CSS/video 7)
2026-05-07 12:09:15.146 [pool-3-thread-1] INFO  com.rs.mv.mvvs.client.catalog.from.scan.CurrentPathScanner - [client:400205]scan file in current open file directory(V:/Documents/VS Code/Sheryians Coding School/Prerequisite Classes/CSS/video 7)
2026-05-07 12:10:45.733 [pool-3-thread-1] INFO  com.rs.mv.mvvs.client.catalog.from.scan.CurrentPathScanner - [client:400205]scan file in current open file directory(V:/Documents/VS Code/Sheryians Coding School/Prerequisite Classes/CSS/video 7)
2026-05-07 12:26:26.991 [pool-3-thread-1] INFO  com.rs.mv.mvvs.client.catalog.from.scan.CurrentPathScanner - [client:400205]scan file in current open file directory(V:/Documents/VS Code/Sheryians Coding School/Prerequisite Classes/CSS/video 7)
2026-05-07 12:26:51.002 [pool-3-thread-1] INFO  com.rs.mv.mvvs.client.catalog.from.scan.CurrentPathScanner - [client:400205]scan file in current open file directory(V:/Documents/VS Code/Sheryians Coding School/Prerequisite Classes/CSS/video 7)
2026-05-07 12:27:55.253 [pool-3-thread-1] INFO  com.rs.mv.mvvs.client.catalog.from.scan.CurrentPathScanner - [client:400205]scan file in current open file directory(V:/Documents/VS Code/Sheryians Coding School/Prerequisite Classes/CSS/video 7)
2026-05-07 12:28:11.965 [pool-3-thread-1] INFO  com.rs.mv.mvvs.client.catalog.from.scan.CurrentPathScanner - [client:400205]scan file in current open file directory(V:/Documents/VS Code/Sheryians Coding School/Prerequisite Classes/CSS/video 7)
2026-05-07 12:31:50.072 [pool-3-thread-1] INFO  com.rs.mv.mvvs.client.catalog.from.scan.CurrentPathScanner - [client:400205]scan file in current open file directory(V:/Documents/VS Code/Sheryians Coding School/Prerequisite Classes/CSS/video 7)
2026-05-07 12:32:22.423 [pool-3-thread-1] INFO  com.rs.mv.mvvs.client.catalog.from.scan.CurrentPathScanner - [client:400205]scan file in current open file directory(V:/Documents/VS Code/Sheryians Coding School/Prerequisite Classes/CSS/video 7)
2026-05-07 12:36:02.903 [pool-3-thread-1] INFO  com.rs.mv.mvvs.client.catalog.from.scan.CurrentPathScanner - [client:400205]scan file in current open file directory(V:/Documents/VS Code/Sheryians Coding School/Prerequisite Classes/CSS/video 7)
2026-05-07 12:36:12.443 [pool-3-thread-1] INFO  com.rs.mv.mvvs.client.catalog.from.scan.CurrentPathScanner - [client:400205]scan file in current open file directory(V:/Documents/VS Code/Sheryians Coding School/Prerequisite Classes/CSS/video 7)
2026-05-07 12:46:18.991 [pool-3-thread-1] INFO  com.rs.mv.mvvs.client.catalog.from.scan.CurrentPathScanner - [client:400205]scan file in current open file directory(V:/Documents/VS Code/Sheryians Coding School/Prerequisite Classes/CSS/video 7)
2026-05-07 13:11:23.553 [pool-3-thread-1] INFO  com.rs.mv.mvvs.client.catalog.from.scan.CurrentPathScanner - [client:400205]scan file in current open file directory(V:/Documents/VS Code/Sheryians Coding School/Prerequisite Classes/CSS/video 7)
2026-05-07 16:48:47.206 [pool-3-thread-1] INFO  com.rs.mv.mvvs.client.catalog.from.scan.CurrentPathScanner - [client:400205]scan file in current open file directory(V:/Documents/VS Code/Sheryians Coding School/Prerequisite Classes/CSS/video 7)
2026-05-07 16:49:15.048 [pool-3-thread-1] INFO  com.rs.mv.mvvs.client.catalog.from.scan.CurrentPathScanner - [client:400205]scan file in current open file directory(V:/Documents/VS Code/Sheryians Coding School/Prerequisite Classes/CSS/video 7)
2026-05-07 17:04:29.267 [pool-3-thread-1] INFO  com.rs.mv.mvvs.client.catalog.from.scan.CurrentPathScanner - [client:400205]scan file in current open file directory(V:/Documents/VS Code/Sheryians Coding School/Prerequisite Classes/CSS/video 7)
2026-05-07 17:04:46.629 [pool-3-thread-1] INFO  com.rs.mv.mvvs.client.catalog.from.scan.CurrentPathScanner - [client:400205]scan file in current open file directory(V:/Documents/VS Code/Sheryians Coding School/Prerequisite Classes/CSS/video 7)
2026-05-07 17:04:58.665 [pool-3-thread-1] INFO  com.rs.mv.mvvs.client.catalog.from.scan.CurrentPathScanner - [client:400205]scan file in current open file directory(V:/Documents/VS Code/Sheryians Coding School/Prerequisite Classes/CSS/video 7)
2026-05-07 17:05:07.813 [pool-3-thread-1] INFO  com.rs.mv.mvvs.client.catalog.from.scan.CurrentPathScanner - [client:400205]scan file in current open file directory(V:/Documents/VS Code/Sheryians Coding School/Prerequisite Classes/CSS/video 7)
2026-05-07 17:05:15.273 [pool-3-thread-1] INFO  com.rs.mv.mvvs.client.catalog.from.scan.CurrentPathScanner - [client:400205]scan file in current open file directory(V:/Documents/VS Code/Sheryians Coding School/Prerequisite Classes/CSS/video 7)
2026-05-07 17:05:37.082 [pool-3-thread-1] INFO  com.rs.mv.mvvs.client.catalog.from.scan.CurrentPathScanner - [client:400205]scan file in current open file directory(V:/Documents/VS Code/Sheryians Coding School/Prerequisite Classes/CSS/video 7)
2026-05-07 17:05:42.963 [pool-3-thread-1] INFO  com.rs.mv.mvvs.client.catalog.from.scan.CurrentPathScanner - [client:400205]scan file in current open file directory(V:/Documents/VS Code/Sheryians Coding School/Prerequisite Classes/CSS/video 7)
2026-05-07 17:05:45.126 [pool-3-thread-1] INFO  com.rs.mv.mvvs.client.catalog.from.scan.CurrentPathScanner - [client:400205]scan file in current open file directory(V:/Documents/VS Code/Sheryians Coding School/Prerequisite Classes/CSS/video 7)
2026-05-07 17:06:44.213 [pool-3-thread-1] INFO  com.rs.mv.mvvs.client.catalog.from.scan.CurrentPathScanner - [client:400205]scan file in current open file directory(V:/Documents/VS Code/Sheryians Coding School/Prerequisite Classes/CSS/video 7)
2026-05-07 17:06:56.299 [pool-3-thread-1] INFO  com.rs.mv.mvvs.client.catalog.from.scan.CurrentPathScanner - [client:400205]scan file in current open file directory(V:/Documents/VS Code/Sheryians Coding School/Prerequisite Classes/CSS/video 7)
2026-05-07 17:08:16.567 [pool-3-thread-1] INFO  com.rs.mv.mvvs.client.catalog.from.scan.CurrentPathScanner - [client:400205]scan file in current open file directory(V:/Documents/VS Code/Sheryians Coding School/Prerequisite Classes/CSS/video 7)
2026-05-07 17:08:30.815 [pool-3-thread-1] INFO  com.rs.mv.mvvs.client.catalog.from.scan.CurrentPathScanner - [client:400205]scan file in current open file directory(V:/Documents/VS Code/Sheryians Coding School/Prerequisite Classes/CSS/video 7)
2026-05-07 17:09:01.426 [pool-3-thread-1] INFO  com.rs.mv.mvvs.client.catalog.from.scan.CurrentPathScanner - [client:400205]scan file in current open file directory(V:/Documents/VS Code/Sheryians Coding School/Prerequisite Classes/CSS/video 7)
2026-05-07 17:09:03.813 [pool-3-thread-1] INFO  com.rs.mv.mvvs.client.catalog.from.scan.CurrentPathScanner - [client:400205]scan file in current open file directory(V:/Documents/VS Code/Sheryians Coding School/Prerequisite Classes/CSS/video 7)
2026-05-07 17:10:01.217 [pool-3-thread-1] INFO  com.rs.mv.mvvs.client.catalog.from.scan.CurrentPathScanner - [client:400205]scan file in current open file directory(V:/Documents/VS Code/Sheryians Coding School/Prerequisite Classes/CSS/video 7)
2026-05-07 17:10:21.750 [pool-3-thread-1] INFO  com.rs.mv.mvvs.client.catalog.from.scan.CurrentPathScanner - [client:400205]scan file in current open file directory(V:/Documents/VS Code/Sheryians Coding School/Prerequisite Classes/CSS/video 7)
2026-05-07 17:10:31.204 [pool-3-thread-1] INFO  com.rs.mv.mvvs.client.catalog.from.scan.CurrentPathScanner - [client:400205]scan file in current open file directory(V:/Documents/VS Code/Sheryians Coding School/Prerequisite Classes/CSS/video 7)
2026-05-07 17:12:36.605 [pool-3-thread-1] INFO  com.rs.mv.mvvs.client.catalog.from.scan.CurrentPathScanner - [client:400205]scan file in current open file directory(V:/Documents/VS Code/Sheryians Coding School/Prerequisite Classes/CSS/video 7)
2026-05-07 17:13:27.470 [pool-3-thread-1] INFO  com.rs.mv.mvvs.client.catalog.from.scan.CurrentPathScanner - [client:400205]scan file in current open file directory(V:/Documents/VS Code/Sheryians Coding School/Prerequisite Classes/CSS/video 7)
2026-05-07 17:16:46.780 [pool-3-thread-1] INFO  com.rs.mv.mvvs.client.catalog.from.scan.CurrentPathScanner - [client:400205]scan file in current open file directory(V:/Documents/VS Code/Sheryians Coding School/Prerequisite Classes/CSS/video 7)
2026-05-07 17:17:09.574 [pool-3-thread-1] INFO  com.rs.mv.mvvs.client.catalog.from.scan.CurrentPathScanner - [client:400205]scan file in current open file directory(V:/Documents/VS Code/Sheryians Coding School/Prerequisite Classes/CSS/video 7)
2026-05-07 17:17:11.768 [pool-3-thread-1] INFO  com.rs.mv.mvvs.client.catalog.from.scan.CurrentPathScanner - [client:400205]scan file in current open file directory(V:/Documents/VS Code/Sheryians Coding School/Prerequisite Classes/CSS/video 7)
2026-05-07 17:17:19.233 [pool-3-thread-1] INFO  com.rs.mv.mvvs.client.catalog.from.scan.CurrentPathScanner - [client:400205]scan file in current open file directory(V:/Documents/VS Code/Sheryians Coding School/Prerequisite Classes/CSS/video 7)
2026-05-07 17:18:11.976 [pool-3-thread-1] INFO  com.rs.mv.mvvs.client.catalog.from.scan.CurrentPathScanner - [client:400205]scan file in current open file directory(V:/Documents/VS Code/Sheryians Coding School/Prerequisite Classes/CSS/video 7)
2026-05-07 17:18:30.810 [pool-3-thread-1] INFO  com.rs.mv.mvvs.client.catalog.from.scan.CurrentPathScanner - [client:400205]scan file in current open file directory(V:/Documents/VS Code/Sheryians Coding School/Prerequisite Classes/CSS/video 7)
2026-05-07 17:19:43.503 [pool-3-thread-1] INFO  com.rs.mv.mvvs.client.catalog.from.scan.CurrentPathScanner - [client:400205]scan file in current open file directory(V:/Documents/VS Code/Sheryians Coding School/Prerequisite Classes/CSS/video 7)
2026-05-07 17:21:33.036 [pool-3-thread-1] INFO  com.rs.mv.mvvs.client.catalog.from.scan.CurrentPathScanner - [client:400205]scan file in current open file directory(V:/Documents/VS Code/Sheryians Coding School/Prerequisite Classes/Project/Project-1)
2026-05-07 17:21:37.837 [pool-3-thread-1] INFO  com.rs.mv.mvvs.client.catalog.from.scan.CurrentPathScanner - [client:400205]scan file in current open file directory(V:/Documents/VS Code/Sheryians Coding School/Prerequisite Classes/Project/Project-1)
2026-05-07 17:21:38.846 [pool-3-thread-1] INFO  com.rs.mv.mvvs.client.catalog.from.scan.CurrentPathScanner - [client:400205]scan file in current open file directory(V:/Documents/VS Code/Sheryians Coding School/Prerequisite Classes/Project/Project-1)
2026-05-07 17:21:41.279 [pool-3-thread-1] INFO  com.rs.mv.mvvs.client.catalog.from.scan.CurrentPathScanner - [client:400205]scan file in current open file directory(V:/Documents/VS Code/Sheryians Coding School/Prerequisite Classes/Project/Project-1)
2026-05-07 17:23:15.396 [pool-3-thread-1] INFO  com.rs.mv.mvvs.client.catalog.from.scan.CurrentPathScanner - [client:400205]scan file in current open file directory(V:/Documents/VS Code/Sheryians Coding School/Prerequisite Classes/Project/Project-1)
2026-05-07 17:28:55.132 [pool-3-thread-1] INFO  com.rs.mv.mvvs.client.catalog.from.scan.CurrentPathScanner - [client:400205]scan file in current open file directory(V:/Documents/VS Code/Sheryians Coding School/Prerequisite Classes/Project/Project-1)
2026-05-07 17:47:08.301 [pool-3-thread-1] INFO  com.rs.mv.mvvs.client.catalog.from.scan.CurrentPathScanner - [client:400205]scan file in current open file directory(V:/Documents/VS Code/Sheryians Coding School/Prerequisite Classes/Project/Project-1)
2026-05-07 19:25:10.396 [pool-3-thread-1] INFO  com.rs.mv.mvvs.client.catalog.from.scan.CurrentPathScanner - [client:400205]scan file in current open file directory(V:/Documents/VS Code/Sheryians Coding School/Prerequisite Classes/Project/Project-1)
2026-05-07 19:25:38.711 [pool-3-thread-1] INFO  com.rs.mv.mvvs.client.catalog.from.scan.CurrentPathScanner - [client:400205]scan file in current open file directory(V:/Documents/VS Code/Sheryians Coding School/Prerequisite Classes/Project/Project-1)
2026-05-07 19:25:44.999 [pool-3-thread-1] INFO  com.rs.mv.mvvs.client.catalog.from.scan.CurrentPathScanner - [client:400205]scan file in current open file directory(V:/Documents/VS Code/Sheryians Coding School/Prerequisite Classes/Project/Project-1)
2026-05-07 19:26:11.564 [pool-3-thread-1] INFO  com.rs.mv.mvvs.client.catalog.from.scan.CurrentPathScanner - [client:400205]scan file in current open file directory(V:/Documents/VS Code/Sheryians Coding School/Prerequisite Classes/Project/Project-1)
2026-05-07 19:26:15.865 [pool-3-thread-1] INFO  com.rs.mv.mvvs.client.catalog.from.scan.CurrentPathScanner - [client:400205]scan file in current open file directory(V:/Documents/VS Code/Sheryians Coding School/Prerequisite Classes/Project/Project-1)
2026-05-07 19:26:39.562 [pool-3-thread-1] INFO  com.rs.mv.mvvs.client.catalog.from.scan.CurrentPathScanner - [client:400205]scan file in current open file directory(V:/Documents/VS Code/Sheryians Coding School/Prerequisite Classes/Project/Project-1)
2026-05-07 19:27:01.696 [pool-3-thread-1] INFO  com.rs.mv.mvvs.client.catalog.from.scan.CurrentPathScanner - [client:400205]scan file in current open file directory(V:/Documents/VS Code/Sheryians Coding School/Prerequisite Classes/Project/Project-1)
2026-05-07 19:27:14.306 [pool-3-thread-1] INFO  com.rs.mv.mvvs.client.catalog.from.scan.CurrentPathScanner - [client:400205]scan file in current open file directory(V:/Documents/VS Code/Sheryians Coding School/Prerequisite Classes/Project/Project-1)
2026-05-07 19:27:37.522 [pool-3-thread-1] INFO  com.rs.mv.mvvs.client.catalog.from.scan.CurrentPathScanner - [client:400205]scan file in current open file directory(V:/Documents/VS Code/Sheryians Coding School/Prerequisite Classes/Project/Project-1)
2026-05-07 19:28:14.959 [pool-3-thread-1] INFO  com.rs.mv.mvvs.client.catalog.from.scan.CurrentPathScanner - [client:400205]scan file in current open file directory(V:/Documents/VS Code/Sheryians Coding School/Prerequisite Classes/Project/Project-1)
2026-05-07 19:28:35.475 [pool-3-thread-1] INFO  com.rs.mv.mvvs.client.catalog.from.scan.CurrentPathScanner - [client:400205]scan file in current open file directory(V:/Documents/VS Code/Sheryians Coding School/Prerequisite Classes/Project/Project-1)
2026-05-07 19:30:23.113 [pool-3-thread-1] INFO  com.rs.mv.mvvs.client.catalog.from.scan.CurrentPathScanner - [client:400205]scan file in current open file directory(V:/Documents/VS Code/Sheryians Coding School/Prerequisite Classes/Project/Project-1)
2026-05-07 19:31:27.444 [pool-3-thread-1] INFO  com.rs.mv.mvvs.client.catalog.from.scan.CurrentPathScanner - [client:400205]scan file in current open file directory(V:/Documents/VS Code/Sheryians Coding School/Prerequisite Classes/Project/Project-1)
2026-05-07 19:41:54.700 [pool-3-thread-1] INFO  com.rs.mv.mvvs.client.catalog.from.scan.CurrentPathScanner - [client:400205]scan file in current open file directory(V:/Documents/VS Code/Sheryians Coding School/Prerequisite Classes/Project/Project-1)
2026-05-07 19:42:19.626 [pool-3-thread-1] INFO  com.rs.mv.mvvs.client.catalog.from.scan.CurrentPathScanner - [client:400205]scan file in current open file directory(V:/Documents/VS Code/Sheryians Coding School/Prerequisite Classes/Project/Project-1)
2026-05-07 19:44:39.015 [pool-3-thread-1] INFO  com.rs.mv.mvvs.client.catalog.from.scan.CurrentPathScanner - [client:400205]scan file in current open file directory(V:/Documents/VS Code/Sheryians Coding School/Prerequisite Classes/Project/Project-1)
2026-05-07 19:45:28.060 [pool-3-thread-1] INFO  com.rs.mv.mvvs.client.catalog.from.scan.CurrentPathScanner - [client:400205]scan file in current open file directory(V:/Documents/VS Code/Sheryians Coding School/Prerequisite Classes/Project/Project-1)
2026-05-07 19:46:04.365 [pool-3-thread-1] INFO  com.rs.mv.mvvs.client.catalog.from.scan.CurrentPathScanner - [client:400205]scan file in current open file directory(V:/Documents/VS Code/Sheryians Coding School/Prerequisite Classes/Project/Project-1)
2026-05-07 19:46:20.447 [pool-3-thread-1] INFO  com.rs.mv.mvvs.client.catalog.from.scan.CurrentPathScanner - [client:400205]scan file in current open file directory(V:/Documents/VS Code/Sheryians Coding School/Prerequisite Classes/Project/Project-1)
2026-05-07 21:00:41.246 [main] WARN  com.rs.mv.mvvs.Startup - [LSP:100104]ROCKET MV BASIC EXTENSION exited
